###############################################################################
#
# IAR ELF Linker V9.10.1.308/W64 for ARM                  24/Dec/2024  19:26:00
# Copyright 2007-2021 IAR Systems AB.
#
#    Output file  =
#        D:\Yusuf\subjects\Semester 7\Introduction to Embedded
#        Systems\Project\Embedded_Project\src\Debug\Exe\project.out
#    Map file     =
#        D:\Yusuf\subjects\Semester 7\Introduction to Embedded
#        Systems\Project\Embedded_Project\src\Debug\List\project.map
#    Command line =
#        -f "D:\Yusuf\subjects\Semester 7\Introduction to Embedded
#        Systems\Project\Embedded_Project\src\Debug\Exe\project.out.rsp"
#        ("D:\Yusuf\subjects\Semester 7\Introduction to Embedded
#        Systems\Project\Embedded_Project\src\Debug\Obj\ADC.o"
#        "D:\Yusuf\subjects\Semester 7\Introduction to Embedded
#        Systems\Project\Embedded_Project\src\Debug\Obj\Buzzer.o"
#        "D:\Yusuf\subjects\Semester 7\Introduction to Embedded
#        Systems\Project\Embedded_Project\src\Debug\Obj\DIO.o"
#        "D:\Yusuf\subjects\Semester 7\Introduction to Embedded
#        Systems\Project\Embedded_Project\src\Debug\Obj\main.o"
#        "D:\Yusuf\subjects\Semester 7\Introduction to Embedded
#        Systems\Project\Embedded_Project\src\Debug\Obj\relay.o"
#        "D:\Yusuf\subjects\Semester 7\Introduction to Embedded
#        Systems\Project\Embedded_Project\src\Debug\Obj\uart.o"
#        --no_out_extension -o "D:\Yusuf\subjects\Semester 7\Introduction to
#        Embedded Systems\Project\Embedded_Project\src\Debug\Exe\project.out"
#        --redirect _Printf=_PrintfFullNoMb --redirect _Scanf=_ScanfFullNoMb
#        --map "D:\Yusuf\subjects\Semester 7\Introduction to Embedded
#        Systems\Project\Embedded_Project\src\Debug\List\project.map" --config
#        "C:\Program Files\IAR Systems\Embedded Workbench
#        9.0\arm\config\linker\TexasInstruments\TM4C123GH6.icf" --semihosting
#        --entry __iar_program_start --vfe --text_out locale)
#
###############################################################################

*******************************************************************************
*** RUNTIME MODEL ATTRIBUTES
***

CppFlavor       = *
__SystemLibrary = DLib
__dlib_version  = 6


*******************************************************************************
*** HEAP SELECTION
***

The basic heap was selected because no calls to memory allocation
functions were found in the application outside of system library
functions, and there are calls to deallocation functions in the
application.


*******************************************************************************
*** PLACEMENT SUMMARY
***

"A0":  place at address 0x0 { ro section .intvec };
"P1":  place in [from 0x0 to 0x3'ffff] { ro };
define block CSTACK with size = 4K, alignment = 8 { };
define block HEAP with size = 8K, alignment = 8 { };
"P2":  place in [from 0x2000'0000 to 0x2000'7fff] {
          rw, block CSTACK, block HEAP };

  Section          Kind         Address    Size  Object
  -------          ----         -------    ----  ------
"A0":                                      0x40
  .intvec          ro code          0x0    0x40  vector_table_M.o [4]
                                 - 0x40    0x40

"P1":                                    0x23f8
  .text            ro code         0x40   0xf16  xprintffull_nomb.o [2]
  .text            ro code        0xf56     0xa  xsprout.o [2]
  .text            ro code        0xf60    0x16  strchr.o [4]
  .text            ro code        0xf76     0x2  vectortrap_M.o [4]
  .text            ro code        0xf78    0x40  xfail_s.o [2]
  .text            ro code        0xfb8    0x36  strlen.o [4]
  .text            ro code        0xff0    0x58  memchr.o [4]
  .text            ro code       0x1048    0x76  ABImemcpy_unaligned.o [4]
  .text            ro code       0x10c0    0x70  frexp.o [3]
  .text            ro code       0x1130    0x34  DblCmpLe.o [3]
  .text            ro code       0x1164    0x34  DblCmpGe.o [3]
  .text            ro code       0x1198   0x13a  ldexp.o [3]
  .text            ro code       0x12d4    0x36  DblToS32.o [3]
  .text            ro code       0x130c    0x22  S32ToDbl.o [3]
  .text            ro code       0x1330   0x24e  DblAddSub.o [3]
  .text            ro code       0x1580   0x246  DblDiv.o [3]
  .text            ro code       0x17c8    0x22  DblToU32.o [3]
  .text            ro code       0x17ec    0x1c  U32ToDbl.o [3]
  .text            ro code       0x1808   0x1aa  DblMul.o [3]
  .text            ro code       0x19b4   0x230  I64DivMod.o [4]
  .text            ro code       0x1be4     0x6  abort.o [2]
  .text            ro code       0x1bec     0x2  I64DivZer.o [4]
  .text            ro code       0x1bf0    0x14  exit.o [5]
  .text            ro code       0x1c04   0x214  DIO.o [1]
  .text            ro code       0x1e18   0x214  main.o [1]
  .text            ro code       0x202c    0x40  sprintf.o [2]
  .text            ro code       0x206c    0xc8  uart.o [1]
  .text            ro code       0x2134    0x6c  Buzzer.o [1]
  .text            ro code       0x21a0    0xd0  ADC.o [1]
  .text            ro code       0x2270    0x34  relay.o [1]
  .text            ro code       0x22a4    0x68  DblToFlt.o [3]
  .text            ro code       0x230c    0x48  FltToDbl.o [3]
  .text            ro code       0x2354    0x38  zero_init3.o [4]
  .text            ro code       0x238c    0x28  data_init.o [4]
  .text            ro code       0x23b4    0x22  fpinit_M.o [3]
  .iar.init_table  const         0x23d8    0x10  - Linker created -
  .text            ro code       0x23e8    0x1e  cmain.o [4]
  .text            ro code       0x2406     0x4  low_level_init.o [2]
  .text            ro code       0x240a     0x4  exit.o [2]
  .text            ro code       0x2410     0xa  cexit.o [4]
  .text            ro code       0x241c    0x1c  cstartup_M.o [4]
  .rodata          const         0x2438     0x0  zero_init3.o [4]
                               - 0x2438  0x23f8

"P2", part 1 of 2:                          0x4
  .bss             zero     0x2000'0000     0x4  xfail_s.o [2]
                          - 0x2000'0004     0x4

"P2", part 2 of 2:                       0x1000
  CSTACK                    0x2000'0008  0x1000  <Block>
    CSTACK         uninit   0x2000'0008  0x1000  <Block tail>
                          - 0x2000'1008  0x1000

Unused ranges:

         From           To      Size
         ----           --      ----
       0x2438     0x3'ffff  0x3'dbc8
  0x2000'0004  0x2000'0007       0x4
  0x2000'1008  0x2000'7fff    0x6ff8


*******************************************************************************
*** INIT TABLE
***

          Address      Size
          -------      ----
Zero (__iar_zero_init3)
    1 destination range, total size 0x4:
          0x2000'0000   0x4



*******************************************************************************
*** MODULE SUMMARY
***

    Module                 ro code  ro data  rw data
    ------                 -------  -------  -------
command line/config:
    ------------------------------------------------
    Total:

D:\Yusuf\subjects\Semester 7\Introduction to Embedded Systems\Project\Embedded_Project\src\Debug\Obj: [1]
    ADC.o                      208
    Buzzer.o                   108
    DIO.o                      532
    main.o                     532
    relay.o                     52
    uart.o                     200
    ------------------------------------------------
    Total:                   1'632

dl7M_tln.a: [2]
    abort.o                      6
    exit.o                       4
    low_level_init.o             4
    sprintf.o                   64
    xfail_s.o                   64                 4
    xprintffull_nomb.o       3'862
    xsprout.o                   10
    ------------------------------------------------
    Total:                   4'014                 4

m7M_tls.a: [3]
    DblAddSub.o                590
    DblCmpGe.o                  52
    DblCmpLe.o                  52
    DblDiv.o                   582
    DblMul.o                   426
    DblToFlt.o                 104
    DblToS32.o                  54
    DblToU32.o                  34
    FltToDbl.o                  72
    S32ToDbl.o                  34
    U32ToDbl.o                  28
    fpinit_M.o                  34
    frexp.o                    112
    ldexp.o                    314
    ------------------------------------------------
    Total:                   2'488

rt7M_tl.a: [4]
    ABImemcpy_unaligned.o      118
    I64DivMod.o                560
    I64DivZer.o                  2
    cexit.o                     10
    cmain.o                     30
    cstartup_M.o                28
    data_init.o                 40
    memchr.o                    88
    strchr.o                    22
    strlen.o                    54
    vector_table_M.o            64
    vectortrap_M.o               2
    zero_init3.o                56
    ------------------------------------------------
    Total:                   1'074

shb_l.a: [5]
    exit.o                      20
    ------------------------------------------------
    Total:                      20

    Gaps                        26        2
    Linker created                       16    4'096
----------------------------------------------------
    Grand Total:             9'254       18    4'100


*******************************************************************************
*** ENTRY LIST
***

Entry                       Address   Size  Type      Object
-----                       -------   ----  ----      ------
.iar.init_table$$Base        0x23d8          --   Gb  - Linker created -
.iar.init_table$$Limit       0x23e8          --   Gb  - Linker created -
?main                        0x23e9         Code  Gb  cmain.o [4]
ADC_Init_PE2                 0x21a1   0x76  Code  Gb  ADC.o [1]
ADC_Read_PE2                 0x2217   0x20  Code  Gb  ADC.o [1]
BusFault_Handler              0xf77         Code  Wk  vectortrap_M.o [4]
Buzzer_Init                  0x2135   0x2c  Code  Gb  Buzzer.o [1]
Buzzer_Off                   0x2177    0xe  Code  Gb  Buzzer.o [1]
Buzzer_On                    0x2169    0xe  Code  Gb  Buzzer.o [1]
CSTACK$$Base            0x2000'0008          --   Gb  - Linker created -
CSTACK$$Limit           0x2000'1008          --   Gb  - Linker created -
CheckAdcValueAndTriggerAlarm
                             0x2185   0x1c  Code  Gb  Buzzer.o [1]
DebugMon_Handler              0xf77         Code  Wk  vectortrap_M.o [4]
Delay                        0x1e19   0x22  Code  Gb  main.o [1]
HardFault_Handler             0xf77         Code  Wk  vectortrap_M.o [4]
MemManage_Handler             0xf77         Code  Wk  vectortrap_M.o [4]
NMI_Handler                   0xf77         Code  Wk  vectortrap_M.o [4]
PendSV_Handler                0xf77         Code  Wk  vectortrap_M.o [4]
Region$$Table$$Base          0x23d8          --   Gb  - Linker created -
Region$$Table$$Limit         0x23e8          --   Gb  - Linker created -
SVC_Handler                   0xf77         Code  Wk  vectortrap_M.o [4]
SysTick_Handler               0xf77         Code  Wk  vectortrap_M.o [4]
UART_Init                    0x206d   0x64  Code  Gb  uart.o [1]
UART_ReadChar                0x20e3   0x22  Code  Gb  uart.o [1]
UART_SendChar                0x20d1   0x12  Code  Gb  uart.o [1]
UsageFault_Handler            0xf77         Code  Wk  vectortrap_M.o [4]
_LitobFullNoMb                0xd5d  0x10c  Code  Lc  xprintffull_nomb.o [2]
_PrintfFullNoMb                0x41  0xcec  Code  Gb  xprintffull_nomb.o [2]
_PutcharFullNoMb              0xec1   0x20  Code  Lc  xprintffull_nomb.o [2]
_PutcharsFullNoMb             0xee1   0x2e  Code  Lc  xprintffull_nomb.o [2]
_SProut                       0xf57    0xa  Code  Gb  xsprout.o [2]
__aeabi_cdcmple              0x1131         Code  Gb  DblCmpLe.o [3]
__aeabi_cdrcmple             0x1165         Code  Gb  DblCmpGe.o [3]
__aeabi_d2f                  0x22a5         Code  Gb  DblToFlt.o [3]
__aeabi_d2iz                 0x12d5         Code  Gb  DblToS32.o [3]
__aeabi_d2uiz                0x17c9         Code  Gb  DblToU32.o [3]
__aeabi_ddiv                 0x1581         Code  Gb  DblDiv.o [3]
__aeabi_dmul                 0x1809         Code  Gb  DblMul.o [3]
__aeabi_dsub                 0x149d         Code  Gb  DblAddSub.o [3]
__aeabi_f2d                  0x230d         Code  Gb  FltToDbl.o [3]
__aeabi_i2d                  0x130d         Code  Gb  S32ToDbl.o [3]
__aeabi_ldiv0                0x1bed         Code  Gb  I64DivZer.o [4]
__aeabi_ui2d                 0x17ed         Code  Gb  U32ToDbl.o [3]
__aeabi_uldivmod             0x19b5         Code  Gb  I64DivMod.o [4]
__cmain                      0x23e9         Code  Gb  cmain.o [4]
__exit                       0x1bf1   0x14  Code  Gb  exit.o [5]
__iar_Fail_s                  0xf79   0x1c  Code  Gb  xfail_s.o [2]
__iar_Memchr                  0xff1         Code  Gb  memchr.o [4]
__iar_Strchr                  0xf61         Code  Gb  strchr.o [4]
__iar_data_init3             0x238d   0x28  Code  Gb  data_init.o [4]
__iar_frexp                  0x10cd         Code  Gb  frexp.o [3]
__iar_frexpl                 0x10cd         Code  Gb  frexp.o [3]
__iar_init_vfp               0x23b5         Code  Gb  fpinit_M.o [3]
__iar_ldexp64                0x1199         Code  Gb  ldexp.o [3]
__iar_program_start          0x241d         Code  Gb  cstartup_M.o [4]
__iar_scalbln64              0x1199         Code  Gb  ldexp.o [3]
__iar_scalbn64               0x1199         Code  Gb  ldexp.o [3]
__iar_softfp___iar_frexp64
                             0x10c1         Code  Gb  frexp.o [3]
__iar_softfp_frexp           0x10c1         Code  Gb  frexp.o [3]
__iar_softfp_frexpl          0x10c1         Code  Gb  frexp.o [3]
__iar_unaligned_memcpy       0x1049         Code  Gb  ABImemcpy_unaligned.o [4]
__iar_unaligned_memcpy4
                             0x1069         Code  Gb  ABImemcpy_unaligned.o [4]
__iar_unaligned_memcpy8
                             0x1069         Code  Gb  ABImemcpy_unaligned.o [4]
__iar_zero_init3             0x2355   0x38  Code  Gb  zero_init3.o [4]
__low_level_init             0x2407    0x4  Code  Gb  low_level_init.o [2]
__vector_table                  0x0         Data  Gb  vector_table_M.o [4]
_call_main                   0x23f5         Code  Gb  cmain.o [4]
_exit                        0x2411         Code  Gb  cexit.o [4]
abort                        0x1be5    0x6  Code  Gb  abort.o [2]
ctz                          0x1c05   0x1c  Code  Gb  DIO.o [1]
dio_init                     0x1c21   0xc0  Code  Gb  DIO.o [1]
dio_readpin                  0x1ce1   0x5a  Code  Gb  DIO.o [1]
dio_writepin                 0x1d3b   0xc4  Code  Gb  DIO.o [1]
distribute_uint16_to_chars
                             0x1e3b   0x14  Code  Gb  main.o [1]
exit                         0x240b    0x4  Code  Gb  exit.o [2]
ldexp                        0x1199         Code  Gb  ldexp.o [3]
ldexpl                       0x1199         Code  Gb  ldexp.o [3]
main                         0x1e4f  0x1c0  Code  Gb  main.o [1]
memchr                        0xff1         Code  Gb  memchr.o [4]
relay_control                0x228b   0x1a  Code  Gb  relay.o [1]
relay_init                   0x2271   0x1a  Code  Gb  relay.o [1]
scalbln                      0x1199         Code  Gb  ldexp.o [3]
scalblnl                     0x1199         Code  Gb  ldexp.o [3]
scalbn                       0x1199         Code  Gb  ldexp.o [3]
scalbnl                      0x1199         Code  Gb  ldexp.o [3]
scale                         0xe69   0x46  Code  Lc  xprintffull_nomb.o [2]
sec_hand                0x2000'0000    0x4  Data  Lc  xfail_s.o [2]
sprintf                      0x202d   0x40  Code  Gb  sprintf.o [2]
strchr                        0xf61         Code  Gb  strchr.o [4]
strlen                        0xfb9         Code  Gb  strlen.o [4]


[1] = D:\Yusuf\subjects\Semester 7\Introduction to Embedded Systems\Project\Embedded_Project\src\Debug\Obj
[2] = dl7M_tln.a
[3] = m7M_tls.a
[4] = rt7M_tl.a
[5] = shb_l.a

  9'254 bytes of readonly  code memory
     18 bytes of readonly  data memory
  4'100 bytes of readwrite data memory

Errors: none
Warnings: none
