###############################################################################
#
# IAR ELF Linker V9.10.1.308/W64 for ARM                  16/Dec/2024  14:49:32
# Copyright 2007-2021 IAR Systems AB.
#
#    Output file  =
#        D:\Yusuf\subjects\Semester 7\Introduction to Embedded
#        Systems\Project\Embedded_Project\src\Debug\Exe\project.out
#    Map file     =
#        D:\Yusuf\subjects\Semester 7\Introduction to Embedded
#        Systems\Project\Embedded_Project\src\Debug\List\project.map
#    Command line =
#        -f "D:\Yusuf\subjects\Semester 7\Introduction to Embedded
#        Systems\Project\Embedded_Project\src\Debug\Exe\project.out.rsp"
#        ("D:\Yusuf\subjects\Semester 7\Introduction to Embedded
#        Systems\Project\Embedded_Project\src\Debug\Obj\DIO.o"
#        "D:\Yusuf\subjects\Semester 7\Introduction to Embedded
#        Systems\Project\Embedded_Project\src\Debug\Obj\main.o"
#        "D:\Yusuf\subjects\Semester 7\Introduction to Embedded
#        Systems\Project\Embedded_Project\src\Debug\Obj\relay.o"
#        "D:\Yusuf\subjects\Semester 7\Introduction to Embedded
#        Systems\Project\Embedded_Project\src\Debug\Obj\uart.o"
#        --no_out_extension -o "D:\Yusuf\subjects\Semester 7\Introduction to
#        Embedded Systems\Project\Embedded_Project\src\Debug\Exe\project.out"
#        --redirect _Printf=_PrintfFullNoMb --redirect _Scanf=_ScanfFullNoMb
#        --map "D:\Yusuf\subjects\Semester 7\Introduction to Embedded
#        Systems\Project\Embedded_Project\src\Debug\List\project.map" --config
#        "C:\Program Files\IAR Systems\Embedded Workbench
#        9.0\arm\config\linker\TexasInstruments\TM4C123GH6.icf" --semihosting
#        --entry __iar_program_start --vfe --text_out locale)
#
###############################################################################

*******************************************************************************
*** RUNTIME MODEL ATTRIBUTES
***

CppFlavor       = *
__SystemLibrary = DLib
__dlib_version  = 6


*******************************************************************************
*** HEAP SELECTION
***

The basic heap was selected because no calls to memory allocation
functions were found in the application outside of system library
functions, and there are calls to deallocation functions in the
application.


*******************************************************************************
*** PLACEMENT SUMMARY
***

"A0":  place at address 0x0 { ro section .intvec };
"P1":  place in [from 0x0 to 0x3'ffff] { ro };
define block CSTACK with size = 4K, alignment = 8 { };
define block HEAP with size = 8K, alignment = 8 { };
"P2":  place in [from 0x2000'0000 to 0x2000'7fff] {
          rw, block CSTACK, block HEAP };

  Section          Kind         Address    Size  Object
  -------          ----         -------    ----  ------
"A0":                                      0x40
  .intvec          ro code          0x0    0x40  vector_table_M.o [4]
                                 - 0x40    0x40

"P1":                                    0x2740
  .text            ro code         0x40   0xd5c  xscanffull_nomb.o [2]
  .text            ro code        0xd9c    0x16  strchr.o [4]
  .text            ro code        0xdb2    0x1e  xsscin.o [2]
  .text            ro code        0xdd0   0x354  strto64.o [3]
  .text            ro code       0x1124   0x13a  ldexp.o [3]
  .text            ro code       0x125e     0x2  vectortrap_M.o [4]
  .text            ro code       0x1260    0x68  DblToFlt.o [3]
  .text            ro code       0x12c8   0x1a6  iar_Stoullx.o [2]
  .text            ro code       0x1470    0xaa  iar_Stollx.o [2]
  .text            ro code       0x151c    0x40  xfail_s.o [2]
  .text            ro code       0x155c    0x58  memchr.o [4]
  .text            ro code       0x15b4   0x1aa  DblMul.o [3]
  .text            ro code       0x1760    0x70  frexp.o [3]
  .text            ro code       0x17d0   0x246  DblDiv.o [3]
  .text            ro code       0x1a16   0x120  iar_Stopfx.o [2]
  .text            ro code       0x1b38   0x1a8  iar_Stoflt.o [2]
  .text            ro code       0x1ce0    0x22  S32ToDbl.o [3]
  .text            ro code       0x1d04   0x24e  DblAddSub.o [3]
  .text            ro code       0x1f54   0x20c  iar_Stoxflt.o [2]
  .text            ro code       0x2160   0x230  I64DivMod.o [4]
  .text            ro code       0x2390     0x6  abort.o [2]
  .text            ro code       0x2398     0x2  I64DivZer.o [4]
  .text            ro code       0x239c    0x14  exit.o [5]
  .text            ro code       0x23b0   0x194  main.o [1]
  .text            ro code       0x2544    0x28  sscanf.o [2]
  .rodata          const         0x256c    0x50  iar_Stoullx.o [2]
  .rodata          const         0x25bc    0x24  xscanffull_nomb.o [2]
  .rodata          const         0x25e0    0x48  strto64.o [3]
  .text            ro code       0x2628    0x38  zero_init3.o [4]
  .rodata          const         0x2660    0x28  xscanffull_nomb.o [2]
  .text            ro code       0x2688    0x28  data_init.o [4]
  .text            ro code       0x26b0    0x22  fpinit_M.o [3]
  .iar.init_table  const         0x26d4    0x10  - Linker created -
  .rodata          const         0x26e4    0x20  main.o [1]
  .text            ro code       0x2704    0x1e  cmain.o [4]
  .text            ro code       0x2722     0x4  low_level_init.o [2]
  .text            ro code       0x2726     0x4  exit.o [2]
  .text            ro code       0x272c     0xa  cexit.o [4]
  .text            ro code       0x2738    0x1c  cstartup_M.o [4]
  .rodata          const         0x2754    0x14  main.o [1]
  .rodata          const         0x2768     0xc  main.o [1]
  .rodata          const         0x2774     0xc  main.o [1]
  .rodata          const         0x2780     0x0  zero_init3.o [4]
                               - 0x2780  0x2740

"P2", part 1 of 2:                         0x14
  .bss             zero     0x2000'0000     0xc  main.o [1]
  .bss             zero     0x2000'000c     0x4  xfail_s.o [2]
  .bss             zero     0x2000'0010     0x1  main.o [1]
  .bss             zero     0x2000'0011     0x1  main.o [1]
  .bss             zero     0x2000'0012     0x1  main.o [1]
                          - 0x2000'0013    0x13

"P2", part 2 of 2:                       0x1000
  CSTACK                    0x2000'0018  0x1000  <Block>
    CSTACK         uninit   0x2000'0018  0x1000  <Block tail>
                          - 0x2000'1018  0x1000

Unused ranges:

         From           To      Size
         ----           --      ----
       0x2780     0x3'ffff  0x3'd880
  0x2000'0014  0x2000'0017       0x4
  0x2000'1018  0x2000'7fff    0x6fe8


*******************************************************************************
*** INIT TABLE
***

          Address      Size
          -------      ----
Zero (__iar_zero_init3)
    1 destination range, total size 0x13:
          0x2000'0000  0x13



*******************************************************************************
*** MODULE SUMMARY
***

    Module             ro code  ro data  rw data
    ------             -------  -------  -------
command line/config:
    --------------------------------------------
    Total:

D:\Yusuf\subjects\Semester 7\Introduction to Embedded Systems\Project\Embedded_Project\src\Debug\Obj: [1]
    main.o                 404       76       15
    --------------------------------------------
    Total:                 404       76       15

dl7M_tln.a: [2]
    abort.o                  6
    exit.o                   4
    iar_Stoflt.o           424
    iar_Stollx.o           170
    iar_Stopfx.o           288
    iar_Stoullx.o          422       80
    iar_Stoxflt.o          524
    low_level_init.o         4
    sscanf.o                40
    xfail_s.o               64                 4
    xscanffull_nomb.o    3'420       76
    xsscin.o                30
    --------------------------------------------
    Total:               5'396      156        4

m7M_tls.a: [3]
    DblAddSub.o            590
    DblDiv.o               582
    DblMul.o               426
    DblToFlt.o             104
    S32ToDbl.o              34
    fpinit_M.o              34
    frexp.o                112
    ldexp.o                314
    strto64.o              852       72
    --------------------------------------------
    Total:               3'048       72

rt7M_tl.a: [4]
    I64DivMod.o            560
    I64DivZer.o              2
    cexit.o                 10
    cmain.o                 30
    cstartup_M.o            28
    data_init.o             40
    memchr.o                88
    strchr.o                22
    vector_table_M.o        64
    vectortrap_M.o           2
    zero_init3.o            56
    --------------------------------------------
    Total:                 902

shb_l.a: [5]
    exit.o                  20
    --------------------------------------------
    Total:                  20

    Gaps                    20        2
    Linker created                   16    4'096
------------------------------------------------
    Grand Total:         9'790      322    4'115


*******************************************************************************
*** ENTRY LIST
***

Entry                       Address   Size  Type      Object
-----                       -------   ----  ----      ------
.iar.init_table$$Base        0x26d4          --   Gb  - Linker created -
.iar.init_table$$Limit       0x26e4          --   Gb  - Linker created -
?main                        0x2705         Code  Gb  cmain.o [4]
BusFault_Handler             0x125f         Code  Wk  vectortrap_M.o [4]
CSTACK$$Base            0x2000'0018          --   Gb  - Linker created -
CSTACK$$Limit           0x2000'1018          --   Gb  - Linker created -
DebugMon_Handler             0x125f         Code  Wk  vectortrap_M.o [4]
Dtentox                       0xdd1  0x1d4  Code  Lc  strto64.o [3]
HardFault_Handler            0x125f         Code  Wk  vectortrap_M.o [4]
MemManage_Handler            0x125f         Code  Wk  vectortrap_M.o [4]
NMI_Handler                  0x125f         Code  Wk  vectortrap_M.o [4]
PendSV_Handler               0x125f         Code  Wk  vectortrap_M.o [4]
Region$$Table$$Base          0x26d4          --   Gb  - Linker created -
Region$$Table$$Limit         0x26e4          --   Gb  - Linker created -
SVC_Handler                  0x125f         Code  Wk  vectortrap_M.o [4]
SysTick_Handler              0x125f         Code  Wk  vectortrap_M.o [4]
UART0_Init                   0x23b1   0x6c  Code  Gb  main.o [1]
UART0_ReadChar               0x2437   0x10  Code  Gb  main.o [1]
UART0_SendString             0x241d   0x1a  Code  Gb  main.o [1]
UsageFault_Handler           0x125f         Code  Wk  vectortrap_M.o [4]
_Get                           0x41   0x12  Code  Lc  xscanffull_nomb.o [2]
_GetN                          0x53   0x22  Code  Lc  xscanffull_nomb.o [2]
_GetstrFullNoMb               0xb7d  0x1aa  Code  Lc  xscanffull_nomb.o [2]
_SScin                        0xdb3   0x1e  Code  Gb  xsscin.o [2]
_ScanfFullNoMb                 0x91  0xa94  Code  Gb  xscanffull_nomb.o [2]
_UngetN                        0x75   0x1a  Code  Lc  xscanffull_nomb.o [2]
__aeabi_d2f                  0x1261         Code  Gb  DblToFlt.o [3]
__aeabi_dadd                 0x1d05         Code  Gb  DblAddSub.o [3]
__aeabi_ddiv                 0x17d1         Code  Gb  DblDiv.o [3]
__aeabi_dmul                 0x15b5         Code  Gb  DblMul.o [3]
__aeabi_i2d                  0x1ce1         Code  Gb  S32ToDbl.o [3]
__aeabi_ldiv0                0x2399         Code  Gb  I64DivZer.o [4]
__aeabi_uldivmod             0x2161         Code  Gb  I64DivMod.o [4]
__cmain                      0x2705         Code  Gb  cmain.o [4]
__exit                       0x239d   0x14  Code  Gb  exit.o [5]
__iar_Fail_s                 0x151d   0x1c  Code  Gb  xfail_s.o [2]
__iar_Memchr                 0x155d         Code  Gb  memchr.o [4]
__iar_Sto64                   0xfad  0x140  Code  Gb  strto64.o [3]
__iar_Stoflt                 0x1b39  0x1a8  Code  Gb  iar_Stoflt.o [2]
__iar_Stollx                 0x1471   0xa4  Code  Gb  iar_Stollx.o [2]
__iar_Stopfx                 0x1a17  0x120  Code  Gb  iar_Stopfx.o [2]
__iar_Stoullx                0x12c9  0x198  Code  Gb  iar_Stoullx.o [2]
__iar_Stoxflt                0x1f55  0x1d6  Code  Gb  iar_Stoxflt.o [2]
__iar_Stoxflt::digits        0x2130   0x18  Data  Lc  iar_Stoxflt.o [2]
__iar_Stoxflt::vals          0x2148   0x18  Data  Lc  iar_Stoxflt.o [2]
__iar_Strchr                  0xd9d         Code  Gb  strchr.o [4]
__iar_data_init3             0x2689   0x28  Code  Gb  data_init.o [4]
__iar_frexp                  0x176d         Code  Gb  frexp.o [3]
__iar_frexpl                 0x176d         Code  Gb  frexp.o [3]
__iar_init_vfp               0x26b1         Code  Gb  fpinit_M.o [3]
__iar_ldexp64                0x1125         Code  Gb  ldexp.o [3]
__iar_program_start          0x2739         Code  Gb  cstartup_M.o [4]
__iar_scalbln64              0x1125         Code  Gb  ldexp.o [3]
__iar_scalbn64               0x1125         Code  Gb  ldexp.o [3]
__iar_softfp___iar_frexp64
                             0x1761         Code  Gb  frexp.o [3]
__iar_softfp_frexp           0x1761         Code  Gb  frexp.o [3]
__iar_softfp_frexpl          0x1761         Code  Gb  frexp.o [3]
__iar_zero_init3             0x2629   0x38  Code  Gb  zero_init3.o [4]
__low_level_init             0x2723    0x4  Code  Gb  low_level_init.o [2]
__vector_table                  0x0         Data  Gb  vector_table_M.o [4]
_call_main                   0x2711         Code  Gb  cmain.o [4]
_exit                        0x272d         Code  Gb  cexit.o [4]
abort                        0x2391    0x6  Code  Gb  abort.o [2]
digits                       0x2594   0x28  Data  Lc  iar_Stoullx.o [2]
exit                         0x2727    0x4  Code  Gb  exit.o [2]
index                   0x2000'0012    0x1  Data  Gb  main.o [1]
lamp_state              0x2000'0010    0x1  Data  Gb  main.o [1]
ldexp                        0x1125         Code  Gb  ldexp.o [3]
ldexpl                       0x1125         Code  Gb  ldexp.o [3]
main                         0x24a7   0x50  Code  Gb  main.o [1]
memchr                       0x155d         Code  Gb  memchr.o [4]
ndigs                        0x256c   0x28  Data  Lc  iar_Stoullx.o [2]
plug_state              0x2000'0011    0x1  Data  Gb  main.o [1]
pows                         0x25e0   0x48  Data  Lc  strto64.o [3]
processCommand               0x2447   0x60  Code  Gb  main.o [1]
ranmatch                      0xb2f   0x4c  Code  Lc  xscanffull_nomb.o [2]
scalbln                      0x1125         Code  Gb  ldexp.o [3]
scalblnl                     0x1125         Code  Gb  ldexp.o [3]
scalbn                       0x1125         Code  Gb  ldexp.o [3]
scalbnl                      0x1125         Code  Gb  ldexp.o [3]
sec_hand                0x2000'000c    0x4  Data  Lc  xfail_s.o [2]
sscanf                       0x2545   0x28  Code  Gb  sscanf.o [2]
strchr                        0xd9d         Code  Gb  strchr.o [4]
strtoll                      0x1515    0x2  Code  Gb  iar_Stollx.o [2]
strtoull                     0x1469    0x2  Code  Gb  iar_Stoullx.o [2]
uart_buffer             0x2000'0000    0xc  Data  Gb  main.o [1]


[1] = D:\Yusuf\subjects\Semester 7\Introduction to Embedded Systems\Project\Embedded_Project\src\Debug\Obj
[2] = dl7M_tln.a
[3] = m7M_tls.a
[4] = rt7M_tl.a
[5] = shb_l.a

  9'790 bytes of readonly  code memory
    322 bytes of readonly  data memory
  4'115 bytes of readwrite data memory

Errors: none
Warnings: none
