###############################################################################
#
# IAR ELF Linker V9.10.1.308/W64 for ARM                  06/Dec/2024  20:56:01
# Copyright 2007-2021 IAR Systems AB.
#
#    Output file  =
#        D:\Yusuf\subjects\Semester 7\Introduction to Embedded
#        Systems\Project\Embedded_Project\src\Debug\Exe\project.out
#    Map file     =
#        D:\Yusuf\subjects\Semester 7\Introduction to Embedded
#        Systems\Project\Embedded_Project\src\Debug\List\project.map
#    Command line =
#        -f "D:\Yusuf\subjects\Semester 7\Introduction to Embedded
#        Systems\Project\Embedded_Project\src\Debug\Exe\project.out.rsp"
#        ("D:\Yusuf\subjects\Semester 7\Introduction to Embedded
#        Systems\Project\Embedded_Project\src\Debug\Obj\DIO.o"
#        "D:\Yusuf\subjects\Semester 7\Introduction to Embedded
#        Systems\Project\Embedded_Project\src\Debug\Obj\main.o"
#        "D:\Yusuf\subjects\Semester 7\Introduction to Embedded
#        Systems\Project\Embedded_Project\src\Debug\Obj\relay.o"
#        --no_out_extension -o "D:\Yusuf\subjects\Semester 7\Introduction to
#        Embedded Systems\Project\Embedded_Project\src\Debug\Exe\project.out"
#        --redirect _Printf=_PrintfFullNoMb --redirect _Scanf=_ScanfFullNoMb
#        --map "D:\Yusuf\subjects\Semester 7\Introduction to Embedded
#        Systems\Project\Embedded_Project\src\Debug\List\project.map" --config
#        "C:\Program Files\IAR Systems\Embedded Workbench
#        9.0\arm\CONFIG\generic_cortex.icf" --semihosting --entry
#        __iar_program_start --vfe --text_out locale)
#
###############################################################################

*******************************************************************************
*** RUNTIME MODEL ATTRIBUTES
***

CppFlavor       = *
__SystemLibrary = DLib
__dlib_version  = 6


*******************************************************************************
*** HEAP SELECTION
***

The basic heap was selected because no calls to memory allocation
functions were found in the application outside of system library
functions, and there are calls to deallocation functions in the
application.


*******************************************************************************
*** PLACEMENT SUMMARY
***

"A0":  place at address 0x0 { ro section .intvec };
"P1":  place in [from 0x0 to 0x7'ffff] { ro };
define block CSTACK with size = 1K, alignment = 8 { };
define block PROC_STACK with size = 0, alignment = 8 { };
define block HEAP with size = 2K, alignment = 8 { };
"P2":  place in [from 0x2000'0000 to 0x2000'ffff] {
          rw, block CSTACK, block PROC_STACK, block HEAP };

No sections matched the following patterns:

  rw  in "P2"


  Section   Kind         Address   Size  Object
  -------   ----         -------   ----  ------
"A0":                              0x40
  .intvec   ro code          0x0   0x40  vector_table_M.o [3]
                          - 0x40   0x40

"P1":                             0x304
  .text     ro code         0x40  0x208  DIO.o [1]
  .text     ro code        0x248   0x60  main.o [1]
  .text     ro code        0x2a8   0x38  relay.o [1]
  .text     ro code        0x2e0   0x1e  cmain.o [3]
  .text     ro code        0x2fe    0x4  low_level_init.o [2]
  .text     ro code        0x302    0x4  exit.o [2]
  .text     ro code        0x306    0x2  vectortrap_M.o [3]
  .text     ro code        0x308    0xa  cexit.o [3]
  .text     ro code        0x314   0x14  exit.o [4]
  .text     ro code        0x328   0x1c  cstartup_M.o [3]
                         - 0x344  0x304

"P2":                             0x400
  CSTACK             0x2000'0000  0x400  <Block>
    CSTACK  uninit   0x2000'0000  0x400  <Block tail>
                   - 0x2000'0400  0x400

Unused ranges:

         From           To      Size
         ----           --      ----
        0x344     0x7'ffff  0x7'fcbc
  0x2000'0400  0x2000'ffff    0xfc00



*******************************************************************************
*** MODULE SUMMARY
***

    Module            ro code  rw data
    ------            -------  -------
command line/config:
    ----------------------------------
    Total:

D:\Yusuf\subjects\Semester 7\Introduction to Embedded Systems\Project\Embedded_Project\src\Debug\Obj: [1]
    DIO.o                 520
    main.o                 96
    relay.o                56
    ----------------------------------
    Total:                672

dl7M_tln.a: [2]
    exit.o                  4
    low_level_init.o        4
    ----------------------------------
    Total:                  8

rt7M_tl.a: [3]
    cexit.o                10
    cmain.o                30
    cstartup_M.o           28
    vector_table_M.o       64
    vectortrap_M.o          2
    ----------------------------------
    Total:                134

shb_l.a: [4]
    exit.o                 20
    ----------------------------------
    Total:                 20

    Gaps                    2
    Linker created               1'024
--------------------------------------
    Grand Total:          836    1'024


*******************************************************************************
*** ENTRY LIST
***

Entry                     Address  Size  Type      Object
-----                     -------  ----  ----      ------
?main                       0x2e1        Code  Gb  cmain.o [3]
BusFault_Handler            0x307        Code  Wk  vectortrap_M.o [3]
CSTACK$$Base          0x2000'0000         --   Gb  - Linker created -
CSTACK$$Limit         0x2000'0400         --   Gb  - Linker created -
DebugMon_Handler            0x307        Code  Wk  vectortrap_M.o [3]
HardFault_Handler           0x307        Code  Wk  vectortrap_M.o [3]
MemManage_Handler           0x307        Code  Wk  vectortrap_M.o [3]
NMI_Handler                 0x307        Code  Wk  vectortrap_M.o [3]
PendSV_Handler              0x307        Code  Wk  vectortrap_M.o [3]
Region$$Table$$Base           0x0         --   Gb  - Linker created -
Region$$Table$$Limit          0x0         --   Gb  - Linker created -
SVC_Handler                 0x307        Code  Wk  vectortrap_M.o [3]
SysTick_Handler             0x307        Code  Wk  vectortrap_M.o [3]
UsageFault_Handler          0x307        Code  Wk  vectortrap_M.o [3]
__cmain                     0x2e1        Code  Gb  cmain.o [3]
__exit                      0x315  0x14  Code  Gb  exit.o [4]
__iar_program_start         0x329        Code  Gb  cstartup_M.o [3]
__low_level_init            0x2ff   0x4  Code  Gb  low_level_init.o [2]
__vector_table                0x0        Data  Gb  vector_table_M.o [3]
_call_main                  0x2ed        Code  Gb  cmain.o [3]
_exit                       0x309        Code  Gb  cexit.o [3]
ctz                          0x41  0x18  Code  Gb  DIO.o [1]
dio_init                     0x59  0xd8  Code  Gb  DIO.o [1]
dio_readpin                 0x131  0x52  Code  Gb  DIO.o [1]
dio_writepin                0x183  0xa6  Code  Gb  DIO.o [1]
exit                        0x303   0x4  Code  Gb  exit.o [2]
main                        0x249  0x60  Code  Gb  main.o [1]
relay_control_lamp          0x2a9  0x38  Code  Gb  relay.o [1]


[1] = D:\Yusuf\subjects\Semester 7\Introduction to Embedded Systems\Project\Embedded_Project\src\Debug\Obj
[2] = dl7M_tln.a
[3] = rt7M_tl.a
[4] = shb_l.a

    836 bytes of readonly  code memory
  1'024 bytes of readwrite data memory

Errors: none
Warnings: none
